// Jest Snapshot v1, https://goo.gl/fbAQLP

exports[`Favorites renders correctly! 1`] = `<div />`;

exports[`Home renders correctly! 1`] = `
<div
  className="container"
>
  <div
    className="text-center card"
  >
    <div
      className="card-body"
    >
      <div
        className="card-title h5"
      >
        iStore 
        <br />
        Search 
        <br />
         Wizard
      </div>
      <p
        className="card-text"
      >
        <input
          onChange={[Function]}
          placeholder="Search"
          type="text"
          value=""
        />
        <br />
        <label>
          Books
          <input
            name="media"
            onClick={[Function]}
            type="radio"
            value="ebook"
          />
        </label>
        <label>
          Music
          <input
            name="media"
            onClick={[Function]}
            type="radio"
            value="music"
          />
        </label>
        <br />
        <small>
          Please select either Music or Books before searching
        </small>
      </p>
      <button
        className="btn btn-primary"
        disabled={false}
        onClick={[Function]}
        type="button"
      >
        Search
      </button>
    </div>
  </div>
  
  
  
  
</div>
`;

exports[`renders correctly! 1`] = `
<div
  className="container"
>
  <div
    className="text-center card"
  >
    <div
      className="card-body"
    >
      <div
        className="card-title h5"
      >
        iStore 
        <br />
        Search 
        <br />
         Wizard
      </div>
      <p
        className="card-text"
      >
        <input
          onChange={[Function]}
          placeholder="Search"
          type="text"
          value=""
        />
        <br />
        <label>
          Books
          <input
            name="media"
            onClick={[Function]}
            type="radio"
            value="ebook"
          />
        </label>
        <label>
          Music
          <input
            name="media"
            onClick={[Function]}
            type="radio"
            value="music"
          />
        </label>
        <br />
        <small>
          Please select either Music or Books before searching
        </small>
      </p>
      <button
        className="btn btn-primary"
        disabled={false}
        onClick={[Function]}
        type="button"
      >
        Search
      </button>
    </div>
  </div>
  
  
  
  
</div>
`;

exports[`renders correctly! 2`] = `<div />`;
